// Jest Snapshot v1, https://goo.gl/fbAQLP

exports[`enum generation: enums 1`] = `
"enum notification_type {
  new_posts
  new_comments
  newFollowers
  reply
  heartOnPost
  heartOnComment
  heartOnReply
}

enum Language {
  Typescript
  Javascript
  Rust
  Go
  Python
  Cpp
}

enum State {
  Active
  Pending
  Banned
}"
`;
